[2026-07-16 22:59:14,164][src.utils.utils][INFO] - [rank: 0] Enforcing tags! <cfg.extras.enforce_tags=True>
[2026-07-16 22:59:14,167][src.utils.utils][INFO] - [rank: 0] Printing config tree with Rich! <cfg.extras.print_config=True>
[2026-07-16 22:59:14,168][src.utils.rich_utils][WARNING] - [rank: 0] Field 'logger' not found in config. Skipping 'logger' config printing...
[2026-07-16 22:59:14,215][src.utils.utils][INFO] - [rank: 0] Saving config in /home/ubuntu/slap/logs/xps/4e404023/config.yaml! <cfg.extras.save_config=True>
[2026-07-16 22:59:14,229][__main__][INFO] - [rank: 0] Instantiating datamodule <src.data.rasa_dataset.RasaDataModule>
[2026-07-16 22:59:14,277][datasets][INFO] - TensorFlow version 2.20.0 available.
[2026-07-16 22:59:14,419][__main__][INFO] - [rank: 0] Instantiating model <src.models.slap.SLAP>
[2026-07-16 22:59:15,576][src.networks.audio.htsat][WARNING] - Error(s) in loading state_dict for HTSATSwinTransformer:
	Unexpected key(s) in state_dict: "tscam_conv.weight", "tscam_conv.bias", "head.weight", "head.bias". 
[2026-07-16 22:59:15,674][httpx][INFO] - HTTP Request: HEAD https://huggingface.co/google/muril-base-cased/resolve/main/config.json "HTTP/1.1 307 Temporary Redirect"
[2026-07-16 22:59:15,680][httpx][INFO] - HTTP Request: HEAD https://huggingface.co/api/resolve-cache/models/google/muril-base-cased/afd9f36c7923d54e97903922ff1b260d091d202f/config.json "HTTP/1.1 200 OK"
[2026-07-16 22:59:15,714][httpx][INFO] - HTTP Request: HEAD https://huggingface.co/google/muril-base-cased/resolve/main/tokenizer_config.json "HTTP/1.1 307 Temporary Redirect"
[2026-07-16 22:59:15,721][httpx][INFO] - HTTP Request: HEAD https://huggingface.co/api/resolve-cache/models/google/muril-base-cased/afd9f36c7923d54e97903922ff1b260d091d202f/tokenizer_config.json "HTTP/1.1 200 OK"
[2026-07-16 22:59:15,747][httpx][INFO] - HTTP Request: GET https://huggingface.co/api/models/google/muril-base-cased/tree/main/additional_chat_templates?recursive=false&expand=false "HTTP/1.1 404 Not Found"
[2026-07-16 22:59:15,771][httpx][INFO] - HTTP Request: GET https://huggingface.co/api/models/google/muril-base-cased/tree/main?recursive=true&expand=false "HTTP/1.1 200 OK"
[2026-07-16 22:59:15,929][httpx][INFO] - HTTP Request: GET https://huggingface.co/api/models/google/muril-base-cased "HTTP/1.1 200 OK"
[2026-07-16 22:59:15,953][httpx][INFO] - HTTP Request: HEAD https://huggingface.co/google/muril-base-cased/resolve/main/config.json "HTTP/1.1 307 Temporary Redirect"
[2026-07-16 22:59:15,959][httpx][INFO] - HTTP Request: HEAD https://huggingface.co/api/resolve-cache/models/google/muril-base-cased/afd9f36c7923d54e97903922ff1b260d091d202f/config.json "HTTP/1.1 200 OK"
[2026-07-16 22:59:16,083][httpx][INFO] - HTTP Request: HEAD https://huggingface.co/google/muril-base-cased/resolve/main/model.safetensors "HTTP/1.1 404 Not Found"
[2026-07-16 22:59:16,106][httpx][INFO] - HTTP Request: GET https://huggingface.co/api/models/google/muril-base-cased "HTTP/1.1 200 OK"
[2026-07-16 22:59:16,201][httpx][INFO] - HTTP Request: GET https://huggingface.co/api/models/google/muril-base-cased/commits/main "HTTP/1.1 200 OK"
[2026-07-16 22:59:16,216][src.networks.text.bert][INFO] - Loaded model google/muril-base-cased pretrained: True
[2026-07-16 22:59:16,259][httpx][INFO] - HTTP Request: GET https://huggingface.co/api/models/google/muril-base-cased/discussions?p=0 "HTTP/1.1 200 OK"
[2026-07-16 22:59:16,298][httpx][INFO] - HTTP Request: GET https://huggingface.co/api/models/google/muril-base-cased/commits/refs%2Fpr%2F3 "HTTP/1.1 200 OK"
[2026-07-16 22:59:16,321][httpx][INFO] - HTTP Request: HEAD https://huggingface.co/google/muril-base-cased/resolve/refs%2Fpr%2F3/model.safetensors.index.json "HTTP/1.1 404 Not Found"
[2026-07-16 22:59:16,351][httpx][INFO] - HTTP Request: HEAD https://huggingface.co/google/muril-base-cased/resolve/refs%2Fpr%2F3/model.safetensors "HTTP/1.1 302 Found"
[2026-07-16 22:59:16,765][__main__][INFO] - [rank: 0] Instantiating callbacks...
[2026-07-16 22:59:16,766][src.utils.instantiators][INFO] - [rank: 0] Instantiating callback <lightning.pytorch.callbacks.ModelCheckpoint>
[2026-07-16 22:59:16,768][src.utils.instantiators][INFO] - [rank: 0] Instantiating callback <src.callbacks.retrieval.RetrievalEvaluation>
[2026-07-16 22:59:16,770][src.utils.instantiators][INFO] - [rank: 0] Instantiating callback <lightning.pytorch.callbacks.RichModelSummary>
[2026-07-16 22:59:16,770][src.utils.instantiators][INFO] - [rank: 0] Instantiating callback <lightning.pytorch.callbacks.RichProgressBar>
[2026-07-16 22:59:16,771][__main__][INFO] - [rank: 0] Instantiating loggers...
[2026-07-16 22:59:16,771][src.utils.instantiators][WARNING] - [rank: 0] No logger configs found! Skipping...
[2026-07-16 22:59:16,771][__main__][INFO] - [rank: 0] Instantiating trainer <lightning.pytorch.trainer.Trainer>
[2026-07-16 22:59:16,783][__main__][INFO] - [rank: 0] Starting training!
[2026-07-16 22:59:16,959][httpx][INFO] - HTTP Request: HEAD https://huggingface.co/datasets/ai4bharat/Rasa/resolve/main/README.md "HTTP/1.1 200 OK"
[2026-07-16 22:59:16,990][httpx][INFO] - HTTP Request: HEAD https://huggingface.co/datasets/ai4bharat/Rasa/resolve/632f55c7ac590219d41cd7adffce5b440e4604f5/Rasa.py "HTTP/1.1 404 Not Found"
[2026-07-16 22:59:17,016][httpx][INFO] - HTTP Request: HEAD https://s3.amazonaws.com/datasets.huggingface.co/datasets/datasets/ai4bharat/Rasa/ai4bharat/Rasa.py "HTTP/1.1 404 Not Found"
[2026-07-16 22:59:17,186][httpx][INFO] - HTTP Request: GET https://huggingface.co/api/datasets/ai4bharat/Rasa/revision/632f55c7ac590219d41cd7adffce5b440e4604f5 "HTTP/1.1 200 OK"
[2026-07-16 22:59:17,218][httpx][INFO] - HTTP Request: HEAD https://huggingface.co/datasets/ai4bharat/Rasa/resolve/632f55c7ac590219d41cd7adffce5b440e4604f5/.huggingface.yaml "HTTP/1.1 404 Not Found"
[2026-07-16 22:59:17,281][httpx][INFO] - HTTP Request: GET https://datasets-server.huggingface.co/info?dataset=ai4bharat/Rasa "HTTP/1.1 200 OK"
[2026-07-16 22:59:17,316][httpx][INFO] - HTTP Request: GET https://huggingface.co/api/datasets/ai4bharat/Rasa/tree/632f55c7ac590219d41cd7adffce5b440e4604f5/Assamese?recursive=true&expand=false "HTTP/1.1 200 OK"
[2026-07-16 22:59:17,340][httpx][INFO] - HTTP Request: GET https://huggingface.co/api/datasets/ai4bharat/Rasa/tree/632f55c7ac590219d41cd7adffce5b440e4604f5?recursive=false&expand=false "HTTP/1.1 200 OK"
[2026-07-16 22:59:17,377][httpx][INFO] - HTTP Request: HEAD https://huggingface.co/datasets/ai4bharat/Rasa/resolve/632f55c7ac590219d41cd7adffce5b440e4604f5/dataset_infos.json "HTTP/1.1 404 Not Found"
[2026-07-16 22:59:17,407][httpx][INFO] - HTTP Request: GET https://huggingface.co/api/datasets/ai4bharat/Rasa/tree/632f55c7ac590219d41cd7adffce5b440e4604f5/Hindi?recursive=true&expand=false "HTTP/1.1 200 OK"
[2026-07-16 22:59:17,436][src.data.rasa_dataset][INFO] - Loaded Rasa Hindi train: 25713 samples
[2026-07-16 22:59:17,461][httpx][INFO] - HTTP Request: HEAD https://huggingface.co/datasets/ai4bharat/Rasa/resolve/main/README.md "HTTP/1.1 200 OK"
[2026-07-16 22:59:17,484][httpx][INFO] - HTTP Request: HEAD https://huggingface.co/datasets/ai4bharat/Rasa/resolve/632f55c7ac590219d41cd7adffce5b440e4604f5/Rasa.py "HTTP/1.1 404 Not Found"
[2026-07-16 22:59:17,492][httpx][INFO] - HTTP Request: HEAD https://s3.amazonaws.com/datasets.huggingface.co/datasets/datasets/ai4bharat/Rasa/ai4bharat/Rasa.py "HTTP/1.1 404 Not Found"
[2026-07-16 22:59:17,561][httpx][INFO] - HTTP Request: HEAD https://huggingface.co/datasets/ai4bharat/Rasa/resolve/632f55c7ac590219d41cd7adffce5b440e4604f5/.huggingface.yaml "HTTP/1.1 404 Not Found"
[2026-07-16 22:59:17,601][httpx][INFO] - HTTP Request: GET https://datasets-server.huggingface.co/info?dataset=ai4bharat/Rasa "HTTP/1.1 200 OK"
[2026-07-16 22:59:17,634][httpx][INFO] - HTTP Request: HEAD https://huggingface.co/datasets/ai4bharat/Rasa/resolve/632f55c7ac590219d41cd7adffce5b440e4604f5/dataset_infos.json "HTTP/1.1 404 Not Found"
[2026-07-16 22:59:17,642][src.data.rasa_dataset][INFO] - Loaded Rasa Hindi test: 2858 samples
[2026-07-16 22:59:17,699][httpx][INFO] - HTTP Request: HEAD https://huggingface.co/datasets/ai4bharat/indicvoices_r/resolve/main/README.md "HTTP/1.1 200 OK"
[2026-07-16 22:59:17,720][httpx][INFO] - HTTP Request: HEAD https://huggingface.co/datasets/ai4bharat/indicvoices_r/resolve/5f4495c91d500742a58d1be2ab07d77f73c0acf8/indicvoices_r.py "HTTP/1.1 404 Not Found"
[2026-07-16 22:59:17,733][httpx][INFO] - HTTP Request: HEAD https://s3.amazonaws.com/datasets.huggingface.co/datasets/datasets/ai4bharat/indicvoices_r/ai4bharat/indicvoices_r.py "HTTP/1.1 404 Not Found"
[2026-07-16 22:59:17,843][httpx][INFO] - HTTP Request: GET https://huggingface.co/api/datasets/ai4bharat/indicvoices_r/revision/5f4495c91d500742a58d1be2ab07d77f73c0acf8 "HTTP/1.1 200 OK"
[2026-07-16 22:59:17,868][httpx][INFO] - HTTP Request: HEAD https://huggingface.co/datasets/ai4bharat/indicvoices_r/resolve/5f4495c91d500742a58d1be2ab07d77f73c0acf8/.huggingface.yaml "HTTP/1.1 404 Not Found"
[2026-07-16 22:59:17,927][httpx][INFO] - HTTP Request: GET https://datasets-server.huggingface.co/info?dataset=ai4bharat/indicvoices_r "HTTP/1.1 200 OK"
[2026-07-16 22:59:17,978][httpx][INFO] - HTTP Request: GET https://huggingface.co/api/datasets/ai4bharat/indicvoices_r/tree/5f4495c91d500742a58d1be2ab07d77f73c0acf8/Assamese?recursive=true&expand=false "HTTP/1.1 200 OK"
[2026-07-16 22:59:18,007][httpx][INFO] - HTTP Request: GET https://huggingface.co/api/datasets/ai4bharat/indicvoices_r/tree/5f4495c91d500742a58d1be2ab07d77f73c0acf8?recursive=false&expand=false "HTTP/1.1 200 OK"
[2026-07-16 22:59:18,049][httpx][INFO] - HTTP Request: HEAD https://huggingface.co/datasets/ai4bharat/indicvoices_r/resolve/5f4495c91d500742a58d1be2ab07d77f73c0acf8/dataset_infos.json "HTTP/1.1 404 Not Found"
[2026-07-16 22:59:18,082][httpx][INFO] - HTTP Request: GET https://huggingface.co/api/datasets/ai4bharat/indicvoices_r/tree/5f4495c91d500742a58d1be2ab07d77f73c0acf8/Hindi?recursive=true&expand=false "HTTP/1.1 200 OK"
[2026-07-16 22:59:18,096][src.data.rasa_dataset][INFO] - Loaded IndicVoices Hindi test: 376 samples
[2026-07-16 22:59:18,116][httpx][INFO] - HTTP Request: HEAD https://huggingface.co/datasets/ai4bharat/Rasa/resolve/main/README.md "HTTP/1.1 200 OK"
[2026-07-16 22:59:18,141][httpx][INFO] - HTTP Request: HEAD https://huggingface.co/datasets/ai4bharat/Rasa/resolve/632f55c7ac590219d41cd7adffce5b440e4604f5/Rasa.py "HTTP/1.1 404 Not Found"
[2026-07-16 22:59:18,149][httpx][INFO] - HTTP Request: HEAD https://s3.amazonaws.com/datasets.huggingface.co/datasets/datasets/ai4bharat/Rasa/ai4bharat/Rasa.py "HTTP/1.1 404 Not Found"
[2026-07-16 22:59:18,221][httpx][INFO] - HTTP Request: HEAD https://huggingface.co/datasets/ai4bharat/Rasa/resolve/632f55c7ac590219d41cd7adffce5b440e4604f5/.huggingface.yaml "HTTP/1.1 404 Not Found"
[2026-07-16 22:59:18,260][httpx][INFO] - HTTP Request: GET https://datasets-server.huggingface.co/info?dataset=ai4bharat/Rasa "HTTP/1.1 200 OK"
[2026-07-16 22:59:18,290][httpx][INFO] - HTTP Request: HEAD https://huggingface.co/datasets/ai4bharat/Rasa/resolve/632f55c7ac590219d41cd7adffce5b440e4604f5/dataset_infos.json "HTTP/1.1 404 Not Found"
[2026-07-16 22:59:18,298][src.data.rasa_dataset][INFO] - Loaded Rasa Hindi test: 2858 samples
[2026-07-16 22:59:18,592][src.models.base][INFO] - Set tokenizer to BertTokenizer(name_or_path='google/muril-base-cased', vocab_size=197258, model_max_length=512, padding_side='right', truncation_side='right', special_tokens={'unk_token': '[UNK]', 'sep_token': '[SEP]', 'pad_token': '[PAD]', 'cls_token': '[CLS]', 'mask_token': '[MASK]'}, added_tokens_decoder={
	0: AddedToken("[PAD]", rstrip=False, lstrip=False, single_word=False, normalized=False, special=True),
	100: AddedToken("[UNK]", rstrip=False, lstrip=False, single_word=False, normalized=False, special=True),
	103: AddedToken("[MASK]", rstrip=False, lstrip=False, single_word=False, normalized=False, special=True),
	104: AddedToken("[CLS]", rstrip=False, lstrip=False, single_word=False, normalized=False, special=True),
	105: AddedToken("[SEP]", rstrip=False, lstrip=False, single_word=False, normalized=False, special=True),
}) as no tokenizer was set in the datamodule
[2026-07-16 22:59:29,971][src.utils.utils][INFO] - [rank: 0] Output dir: /home/ubuntu/slap/logs/xps/4e404023
[2026-07-16 23:00:49,064][src.utils.utils][INFO] - [rank: 0] Enforcing tags! <cfg.extras.enforce_tags=True>
[2026-07-16 23:00:49,067][src.utils.utils][INFO] - [rank: 0] Printing config tree with Rich! <cfg.extras.print_config=True>
[2026-07-16 23:00:49,068][src.utils.rich_utils][WARNING] - [rank: 0] Field 'logger' not found in config. Skipping 'logger' config printing...
[2026-07-16 23:00:49,116][src.utils.utils][INFO] - [rank: 0] Saving config in /home/ubuntu/slap/logs/xps/4e404023/config.yaml! <cfg.extras.save_config=True>
[2026-07-16 23:00:49,135][__main__][INFO] - [rank: 0] Instantiating datamodule <src.data.rasa_dataset.RasaDataModule>
[2026-07-16 23:00:49,183][datasets][INFO] - TensorFlow version 2.20.0 available.
[2026-07-16 23:00:49,324][__main__][INFO] - [rank: 0] Instantiating model <src.models.slap.SLAP>
[2026-07-16 23:00:50,483][src.networks.audio.htsat][WARNING] - Error(s) in loading state_dict for HTSATSwinTransformer:
	Unexpected key(s) in state_dict: "tscam_conv.weight", "tscam_conv.bias", "head.weight", "head.bias". 
[2026-07-16 23:00:50,571][httpx][INFO] - HTTP Request: HEAD https://huggingface.co/google/muril-base-cased/resolve/main/config.json "HTTP/1.1 307 Temporary Redirect"
[2026-07-16 23:00:50,577][httpx][INFO] - HTTP Request: HEAD https://huggingface.co/api/resolve-cache/models/google/muril-base-cased/afd9f36c7923d54e97903922ff1b260d091d202f/config.json "HTTP/1.1 200 OK"
[2026-07-16 23:00:50,601][httpx][INFO] - HTTP Request: HEAD https://huggingface.co/google/muril-base-cased/resolve/main/tokenizer_config.json "HTTP/1.1 307 Temporary Redirect"
[2026-07-16 23:00:50,608][httpx][INFO] - HTTP Request: HEAD https://huggingface.co/api/resolve-cache/models/google/muril-base-cased/afd9f36c7923d54e97903922ff1b260d091d202f/tokenizer_config.json "HTTP/1.1 200 OK"
[2026-07-16 23:00:50,633][httpx][INFO] - HTTP Request: GET https://huggingface.co/api/models/google/muril-base-cased/tree/main/additional_chat_templates?recursive=false&expand=false "HTTP/1.1 404 Not Found"
[2026-07-16 23:00:50,667][httpx][INFO] - HTTP Request: GET https://huggingface.co/api/models/google/muril-base-cased/tree/main?recursive=true&expand=false "HTTP/1.1 200 OK"
[2026-07-16 23:00:50,782][httpx][INFO] - HTTP Request: GET https://huggingface.co/api/models/google/muril-base-cased "HTTP/1.1 200 OK"
[2026-07-16 23:00:50,805][httpx][INFO] - HTTP Request: HEAD https://huggingface.co/google/muril-base-cased/resolve/main/config.json "HTTP/1.1 307 Temporary Redirect"
[2026-07-16 23:00:50,811][httpx][INFO] - HTTP Request: HEAD https://huggingface.co/api/resolve-cache/models/google/muril-base-cased/afd9f36c7923d54e97903922ff1b260d091d202f/config.json "HTTP/1.1 200 OK"
[2026-07-16 23:00:50,932][httpx][INFO] - HTTP Request: HEAD https://huggingface.co/google/muril-base-cased/resolve/main/model.safetensors "HTTP/1.1 404 Not Found"
[2026-07-16 23:00:50,957][httpx][INFO] - HTTP Request: GET https://huggingface.co/api/models/google/muril-base-cased "HTTP/1.1 200 OK"
[2026-07-16 23:00:51,003][httpx][INFO] - HTTP Request: GET https://huggingface.co/api/models/google/muril-base-cased/commits/main "HTTP/1.1 200 OK"
[2026-07-16 23:00:51,057][httpx][INFO] - HTTP Request: GET https://huggingface.co/api/models/google/muril-base-cased/discussions?p=0 "HTTP/1.1 200 OK"
[2026-07-16 23:00:51,058][src.networks.text.bert][INFO] - Loaded model google/muril-base-cased pretrained: True
[2026-07-16 23:00:51,102][httpx][INFO] - HTTP Request: GET https://huggingface.co/api/models/google/muril-base-cased/commits/refs%2Fpr%2F3 "HTTP/1.1 200 OK"
[2026-07-16 23:00:51,126][httpx][INFO] - HTTP Request: HEAD https://huggingface.co/google/muril-base-cased/resolve/refs%2Fpr%2F3/model.safetensors.index.json "HTTP/1.1 404 Not Found"
[2026-07-16 23:00:51,156][httpx][INFO] - HTTP Request: HEAD https://huggingface.co/google/muril-base-cased/resolve/refs%2Fpr%2F3/model.safetensors "HTTP/1.1 302 Found"
[2026-07-16 23:00:51,599][__main__][INFO] - [rank: 0] Instantiating callbacks...
[2026-07-16 23:00:51,599][src.utils.instantiators][INFO] - [rank: 0] Instantiating callback <lightning.pytorch.callbacks.ModelCheckpoint>
[2026-07-16 23:00:51,602][src.utils.instantiators][INFO] - [rank: 0] Instantiating callback <src.callbacks.retrieval.RetrievalEvaluation>
[2026-07-16 23:00:51,603][src.utils.instantiators][INFO] - [rank: 0] Instantiating callback <lightning.pytorch.callbacks.RichModelSummary>
[2026-07-16 23:00:51,604][src.utils.instantiators][INFO] - [rank: 0] Instantiating callback <lightning.pytorch.callbacks.RichProgressBar>
[2026-07-16 23:00:51,604][__main__][INFO] - [rank: 0] Instantiating loggers...
[2026-07-16 23:00:51,605][src.utils.instantiators][WARNING] - [rank: 0] No logger configs found! Skipping...
[2026-07-16 23:00:51,605][__main__][INFO] - [rank: 0] Instantiating trainer <lightning.pytorch.trainer.Trainer>
[2026-07-16 23:00:51,617][__main__][INFO] - [rank: 0] Starting training!
[2026-07-16 23:00:51,784][httpx][INFO] - HTTP Request: HEAD https://huggingface.co/datasets/ai4bharat/Rasa/resolve/main/README.md "HTTP/1.1 200 OK"
[2026-07-16 23:00:51,820][httpx][INFO] - HTTP Request: HEAD https://huggingface.co/datasets/ai4bharat/Rasa/resolve/632f55c7ac590219d41cd7adffce5b440e4604f5/Rasa.py "HTTP/1.1 404 Not Found"
[2026-07-16 23:00:51,841][httpx][INFO] - HTTP Request: HEAD https://s3.amazonaws.com/datasets.huggingface.co/datasets/datasets/ai4bharat/Rasa/ai4bharat/Rasa.py "HTTP/1.1 404 Not Found"
[2026-07-16 23:00:51,915][httpx][INFO] - HTTP Request: GET https://huggingface.co/api/datasets/ai4bharat/Rasa/revision/632f55c7ac590219d41cd7adffce5b440e4604f5 "HTTP/1.1 200 OK"
[2026-07-16 23:00:51,943][httpx][INFO] - HTTP Request: HEAD https://huggingface.co/datasets/ai4bharat/Rasa/resolve/632f55c7ac590219d41cd7adffce5b440e4604f5/.huggingface.yaml "HTTP/1.1 404 Not Found"
[2026-07-16 23:00:52,006][httpx][INFO] - HTTP Request: GET https://datasets-server.huggingface.co/info?dataset=ai4bharat/Rasa "HTTP/1.1 200 OK"
[2026-07-16 23:00:52,040][httpx][INFO] - HTTP Request: GET https://huggingface.co/api/datasets/ai4bharat/Rasa/tree/632f55c7ac590219d41cd7adffce5b440e4604f5/Assamese?recursive=true&expand=false "HTTP/1.1 200 OK"
[2026-07-16 23:00:52,066][httpx][INFO] - HTTP Request: GET https://huggingface.co/api/datasets/ai4bharat/Rasa/tree/632f55c7ac590219d41cd7adffce5b440e4604f5?recursive=false&expand=false "HTTP/1.1 200 OK"
[2026-07-16 23:00:52,106][httpx][INFO] - HTTP Request: HEAD https://huggingface.co/datasets/ai4bharat/Rasa/resolve/632f55c7ac590219d41cd7adffce5b440e4604f5/dataset_infos.json "HTTP/1.1 404 Not Found"
[2026-07-16 23:00:52,135][httpx][INFO] - HTTP Request: GET https://huggingface.co/api/datasets/ai4bharat/Rasa/tree/632f55c7ac590219d41cd7adffce5b440e4604f5/Hindi?recursive=true&expand=false "HTTP/1.1 200 OK"
[2026-07-16 23:00:52,164][src.data.rasa_dataset][INFO] - Loaded Rasa Hindi train: 25713 samples
[2026-07-16 23:00:52,184][httpx][INFO] - HTTP Request: HEAD https://huggingface.co/datasets/ai4bharat/Rasa/resolve/main/README.md "HTTP/1.1 200 OK"
[2026-07-16 23:00:52,210][httpx][INFO] - HTTP Request: HEAD https://huggingface.co/datasets/ai4bharat/Rasa/resolve/632f55c7ac590219d41cd7adffce5b440e4604f5/Rasa.py "HTTP/1.1 404 Not Found"
[2026-07-16 23:00:52,219][httpx][INFO] - HTTP Request: HEAD https://s3.amazonaws.com/datasets.huggingface.co/datasets/datasets/ai4bharat/Rasa/ai4bharat/Rasa.py "HTTP/1.1 404 Not Found"
[2026-07-16 23:00:52,302][httpx][INFO] - HTTP Request: HEAD https://huggingface.co/datasets/ai4bharat/Rasa/resolve/632f55c7ac590219d41cd7adffce5b440e4604f5/.huggingface.yaml "HTTP/1.1 404 Not Found"
[2026-07-16 23:00:52,351][httpx][INFO] - HTTP Request: GET https://datasets-server.huggingface.co/info?dataset=ai4bharat/Rasa "HTTP/1.1 200 OK"
[2026-07-16 23:00:52,384][httpx][INFO] - HTTP Request: HEAD https://huggingface.co/datasets/ai4bharat/Rasa/resolve/632f55c7ac590219d41cd7adffce5b440e4604f5/dataset_infos.json "HTTP/1.1 404 Not Found"
[2026-07-16 23:00:52,392][src.data.rasa_dataset][INFO] - Loaded Rasa Hindi test: 2858 samples
[2026-07-16 23:00:52,431][httpx][INFO] - HTTP Request: HEAD https://huggingface.co/datasets/ai4bharat/indicvoices_r/resolve/main/README.md "HTTP/1.1 200 OK"
[2026-07-16 23:00:52,454][httpx][INFO] - HTTP Request: HEAD https://huggingface.co/datasets/ai4bharat/indicvoices_r/resolve/5f4495c91d500742a58d1be2ab07d77f73c0acf8/indicvoices_r.py "HTTP/1.1 404 Not Found"
[2026-07-16 23:00:52,462][httpx][INFO] - HTTP Request: HEAD https://s3.amazonaws.com/datasets.huggingface.co/datasets/datasets/ai4bharat/indicvoices_r/ai4bharat/indicvoices_r.py "HTTP/1.1 404 Not Found"
[2026-07-16 23:00:52,573][httpx][INFO] - HTTP Request: GET https://huggingface.co/api/datasets/ai4bharat/indicvoices_r/revision/5f4495c91d500742a58d1be2ab07d77f73c0acf8 "HTTP/1.1 200 OK"
[2026-07-16 23:00:52,600][httpx][INFO] - HTTP Request: HEAD https://huggingface.co/datasets/ai4bharat/indicvoices_r/resolve/5f4495c91d500742a58d1be2ab07d77f73c0acf8/.huggingface.yaml "HTTP/1.1 404 Not Found"
[2026-07-16 23:00:52,655][httpx][INFO] - HTTP Request: GET https://datasets-server.huggingface.co/info?dataset=ai4bharat/indicvoices_r "HTTP/1.1 200 OK"
[2026-07-16 23:00:52,695][httpx][INFO] - HTTP Request: GET https://huggingface.co/api/datasets/ai4bharat/indicvoices_r/tree/5f4495c91d500742a58d1be2ab07d77f73c0acf8/Assamese?recursive=true&expand=false "HTTP/1.1 200 OK"
[2026-07-16 23:00:52,723][httpx][INFO] - HTTP Request: GET https://huggingface.co/api/datasets/ai4bharat/indicvoices_r/tree/5f4495c91d500742a58d1be2ab07d77f73c0acf8?recursive=false&expand=false "HTTP/1.1 200 OK"
[2026-07-16 23:00:52,767][httpx][INFO] - HTTP Request: HEAD https://huggingface.co/datasets/ai4bharat/indicvoices_r/resolve/5f4495c91d500742a58d1be2ab07d77f73c0acf8/dataset_infos.json "HTTP/1.1 404 Not Found"
[2026-07-16 23:00:52,802][httpx][INFO] - HTTP Request: GET https://huggingface.co/api/datasets/ai4bharat/indicvoices_r/tree/5f4495c91d500742a58d1be2ab07d77f73c0acf8/Hindi?recursive=true&expand=false "HTTP/1.1 200 OK"
[2026-07-16 23:00:52,816][src.data.rasa_dataset][INFO] - Loaded IndicVoices Hindi test: 376 samples
[2026-07-16 23:00:52,842][httpx][INFO] - HTTP Request: HEAD https://huggingface.co/datasets/ai4bharat/Rasa/resolve/main/README.md "HTTP/1.1 200 OK"
[2026-07-16 23:00:52,865][httpx][INFO] - HTTP Request: HEAD https://huggingface.co/datasets/ai4bharat/Rasa/resolve/632f55c7ac590219d41cd7adffce5b440e4604f5/Rasa.py "HTTP/1.1 404 Not Found"
[2026-07-16 23:00:52,876][httpx][INFO] - HTTP Request: HEAD https://s3.amazonaws.com/datasets.huggingface.co/datasets/datasets/ai4bharat/Rasa/ai4bharat/Rasa.py "HTTP/1.1 404 Not Found"
[2026-07-16 23:00:52,951][httpx][INFO] - HTTP Request: HEAD https://huggingface.co/datasets/ai4bharat/Rasa/resolve/632f55c7ac590219d41cd7adffce5b440e4604f5/.huggingface.yaml "HTTP/1.1 404 Not Found"
[2026-07-16 23:00:53,001][httpx][INFO] - HTTP Request: GET https://datasets-server.huggingface.co/info?dataset=ai4bharat/Rasa "HTTP/1.1 200 OK"
[2026-07-16 23:00:53,037][httpx][INFO] - HTTP Request: HEAD https://huggingface.co/datasets/ai4bharat/Rasa/resolve/632f55c7ac590219d41cd7adffce5b440e4604f5/dataset_infos.json "HTTP/1.1 404 Not Found"
[2026-07-16 23:00:53,044][src.data.rasa_dataset][INFO] - Loaded Rasa Hindi test: 2858 samples
[2026-07-16 23:00:53,339][src.models.base][INFO] - Set tokenizer to BertTokenizer(name_or_path='google/muril-base-cased', vocab_size=197258, model_max_length=512, padding_side='right', truncation_side='right', special_tokens={'unk_token': '[UNK]', 'sep_token': '[SEP]', 'pad_token': '[PAD]', 'cls_token': '[CLS]', 'mask_token': '[MASK]'}, added_tokens_decoder={
	0: AddedToken("[PAD]", rstrip=False, lstrip=False, single_word=False, normalized=False, special=True),
	100: AddedToken("[UNK]", rstrip=False, lstrip=False, single_word=False, normalized=False, special=True),
	103: AddedToken("[MASK]", rstrip=False, lstrip=False, single_word=False, normalized=False, special=True),
	104: AddedToken("[CLS]", rstrip=False, lstrip=False, single_word=False, normalized=False, special=True),
	105: AddedToken("[SEP]", rstrip=False, lstrip=False, single_word=False, normalized=False, special=True),
}) as no tokenizer was set in the datamodule
[2026-07-17 16:59:29,556][src.utils.utils][INFO] - [rank: 0] Output dir: /home/ubuntu/slap/logs/xps/4e404023
